RowsExtent: 2
ColumnsExtent: 3
Rows: 2
Columns: 3
0 0 0
0 0 0

